// Jest Snapshot v1, https://goo.gl/fbAQLP

exports[`Component: AdminView should match its empty snapshot 1`] = `
<div
  id="admin-container"
>
  <div>
    <Button
      active={false}
      block={false}
      bsClass="btn"
      bsSize="small"
      bsStyle="primary"
      className="admin-change-user-button"
      disabled={false}
      onClick={[Function]}
    >
      Logout
    </Button>
    <Button
      active={false}
      block={false}
      bsClass="btn"
      bsSize="small"
      bsStyle="primary"
      className="admin-change-user-button"
      disabled={false}
      onClick={[Function]}
    >
      Click for email notifications
    </Button>
  </div>
  <div
    className="admin-header group"
  >
    <h3
      className="welcome-header"
    >
      Welcome to Your Inbox!
    </h3>
    <h4>
      You can view and respond to user messages here.
    </h4>
  </div>
  <div
    className="message-container-header"
  >
    <SplitButton
      className="order"
      id="message-sort"
      onClick={[Function]}
      onSelect={[Function]}
      title="Order"
    >
      <MenuItem
        bsClass="dropdown"
        disabled={false}
        divider={false}
        header={false}
        id="createdAt"
      >
        Created
      </MenuItem>
      <MenuItem
        bsClass="dropdown"
        disabled={false}
        divider={false}
        header={false}
        id="first_name"
      >
        First Name
      </MenuItem>
      <MenuItem
        bsClass="dropdown"
        disabled={false}
        divider={false}
        header={false}
        id="last_name"
      >
        Last Name
      </MenuItem>
      <MenuItem
        bsClass="dropdown"
        disabled={false}
        divider={false}
        header={false}
        id="user_urgency"
      >
        Urgency
      </MenuItem>
    </SplitButton>
    <div
      className="admin-msg-search"
    >
      <input
        id="adminMessageSearch"
        onChange={[Function]}
        placeholder="Search..."
        type="text"
      />
    </div>
    <DropdownButton
      className="filter"
      id="message-filter"
      onSelect={[Function]}
      pullRight={true}
      title="All"
    >
      <MenuItem
        bsClass="dropdown"
        disabled={false}
        divider={false}
        header={false}
        id="All"
      >
        All
      </MenuItem>
      <MenuItem
        bsClass="dropdown"
        disabled={false}
        divider={false}
        header={false}
        id="Pending"
      >
        Pending
      </MenuItem>
      <MenuItem
        bsClass="dropdown"
        disabled={false}
        divider={false}
        header={false}
        id="Responded"
      >
        Responded
      </MenuItem>
      <MenuItem
        bsClass="dropdown"
        disabled={false}
        divider={false}
        header={false}
        id="Complete"
      >
        Complete
      </MenuItem>
    </DropdownButton>
  </div>
  <ul
    className="user-message-ul"
  >
    <FlipMovePropConverter
      delay={0}
      disableAllAnimations={false}
      duration={350}
      easing="ease-in-out"
      enterAnimation="elevator"
      getPosition={[Function]}
      leaveAnimation="elevator"
      maintainContainerHeight={false}
      staggerDelayBy={0}
      staggerDurationBy={0}
      typeName="div"
      verticalAlignment="top"
    />
  </ul>
</div>
`;

exports[`Component: Response should match its empty snapshot 1`] = `
<FormGroup
  bsClass="form-group"
>
  <div>
    Respond to 
    Brad Pitt
    's message:
  </div>
  <FormControl
    bsClass="form-control"
    componentClass="textarea"
    onChange={[Function]}
    placeholder="Response..."
    type="text"
  />
  <br />
  <Button
    active={false}
    block={false}
    bsClass="btn"
    bsStyle="primary"
    disabled={false}
    onClick={[Function]}
  >
    Submit Response
  </Button>
</FormGroup>
`;
